services/geminiService.ts(33,9): error TS2353: Object literal may only specify known properties, and 'tools' does not exist in type 'GenerateContentParameters'.
services/geminiService.ts(112,7): error TS2353: Object literal may only specify known properties, and 'tools' does not exist in type 'GenerateContentParameters'.
services/geminiService.ts(161,7): error TS2353: Object literal may only specify known properties, and 'tools' does not exist in type 'GenerateContentParameters'.
